src/components/project-change-requests/change-requests-section.tsx(80,57): error TS2551: Property 'id' does not exist on type 'Employee'. Did you mean 'Id'?
src/components/project-change-requests/request-change-modal.tsx(45,32): error TS18048: 'dateOnly' is possibly 'undefined'.
src/components/project-change-requests/request-change-modal.tsx(169,46): error TS2339: Property 'changes' does not exist on type 'ChangeRequest'.
src/pages/add-project.tsx(106,9): error TS2322: Type 'string | undefined' is not assignable to type 'string'.
  Type 'undefined' is not assignable to type 'string'.
src/pages/assign-members.tsx(98,13): error TS2322: Type 'string | undefined' is not assignable to type 'string'.
  Type 'undefined' is not assignable to type 'string'.
src/pages/assign-members.tsx(107,7): error TS2322: Type 'string | undefined' is not assignable to type 'string | null'.
  Type 'undefined' is not assignable to type 'string | null'.
src/pages/assign-members.tsx(185,13): error TS2322: Type '{ id: string; employeeId: string | undefined; role: string; seniority: any; }[]' is not assignable to type 'TeamMember[]'.
  Type '{ id: string; employeeId: string | undefined; role: string; seniority: any; }' is not assignable to type 'TeamMember'.
    Types of property 'employeeId' are incompatible.
      Type 'string | undefined' is not assignable to type 'string'.
        Type 'undefined' is not assignable to type 'string'.
src/pages/assign-members.tsx(200,35): error TS18048: 'today' is possibly 'undefined'.
src/pages/assign-members.tsx(204,52): error TS2345: Argument of type 'string | undefined' is not assignable to parameter of type 'string'.
  Type 'undefined' is not assignable to type 'string'.
src/pages/edit-project.tsx(104,5): error TS2322: Type '{ role?: string | undefined; seniority?: Seniority | undefined; allocationType?: "dedicated" | "parallel" | undefined; count?: number | undefined; }' is not assignable to type '{ role: string; seniority: Seniority; allocationType: "dedicated" | "parallel"; count: number; }'.
  Types of property 'role' are incompatible.
    Type 'string | undefined' is not assignable to type 'string'.
      Type 'undefined' is not assignable to type 'string'.
src/pages/edit-project.tsx(126,5): error TS2322: Type '{ id?: string | undefined; employeeId?: string | undefined; role?: string | undefined; seniority?: Seniority | undefined; }' is not assignable to type 'TeamMember'.
  Types of property 'id' are incompatible.
    Type 'string | undefined' is not assignable to type 'string'.
      Type 'undefined' is not assignable to type 'string'.
